category            reads     %          read length        feature size or coverage  analysis
----------------  -------  -------  ----------------------  ------------------------  --------------------
middle-missing          0    -nan        0.00 +- 0.00             0.00 +- 0.00       (bad trimming)
middle-hump             0    -nan        0.00 +- 0.00             0.00 +- 0.00       (bad trimming)
no-5-prime              1     inf     4246.00 +- 0.00           253.00 +- 0.00       (bad trimming)
no-3-prime              3     inf     4556.33 +- 493.06        1056.00 +- 924.88     (bad trimming)

low-coverage            0    -nan        0.00 +- 0.00             0.00 +- 0.00       (easy to assemble, potential for lower quality consensus)
unique                 25     inf     5105.16 +- 947.05          12.20 +- 2.74       (easy to assemble, perfect, yay)
repeat-cont             0    -nan        0.00 +- 0.00             0.00 +- 0.00       (potential for consensus errors, no impact on assembly)
repeat-dove             0    -nan        0.00 +- 0.00             0.00 +- 0.00       (hard to assemble, likely won't assemble correctly or even at all)

span-repeat             0    -nan        0.00 +- 0.00             0.00 +- 0.00       (read spans a large repeat, usually easy to assemble)
uniq-repeat-cont        3     inf     4136.33 +- 383.19                              (should be uniquely placed, low potential for consensus errors, no impact on assembly)
uniq-repeat-dove        2     inf     5324.00 +- 66.47                               (will end contigs, potential to misassemble)
uniq-anchor             0    -nan        0.00 +- 0.00             0.00 +- 0.00       (repeat read, with unique section, probable bad read)
